Processing system: 1
read large_sparse_matrix_1.dat
Diagonalizing the matrix for system: 1
139.692368 seconds (25 allocations: 2.239 GiB, 0.03% gc time)
Saving results to Eigenvalues_folder/eigenresults_matrix_1_2.jld2
Done!
Processing system: 2
read large_sparse_matrix_2.dat
Diagonalizing the matrix for system: 2
1293.210681 seconds (25 allocations: 8.948 GiB, 0.01% gc time)
Saving results to Eigenvalues_folder/eigenresults_matrix_2_2.jld2
Done!
Processing system: 3
read large_sparse_matrix_3.dat
Diagonalizing the matrix for system: 3
136.732381 seconds (25 allocations: 2.239 GiB, 0.03% gc time)
Saving results to Eigenvalues_folder/eigenresults_matrix_3_2.jld2
Done!
Processing system: 4
read large_sparse_matrix_4.dat
Diagonalizing the matrix for system: 4
996.975183 seconds (25 allocations: 8.948 GiB, 0.01% gc time)
Saving results to Eigenvalues_folder/eigenresults_matrix_4_2.jld2
Done!
Processing system: 5
read large_sparse_matrix_5.dat
Diagonalizing the matrix for system: 5
132.964829 seconds (25 allocations: 2.239 GiB, 0.03% gc time)
Saving results to Eigenvalues_folder/eigenresults_matrix_5_2.jld2
Done!
Processing system: 6
read large_sparse_matrix_6.dat
Diagonalizing the matrix for system: 6
1727.717822 seconds (25 allocations: 8.948 GiB, 0.01% gc time)
Saving results to Eigenvalues_folder/eigenresults_matrix_6_2.jld2
Done!
